  --- Physical volume ---
  PV Name               /dev/sdb6
  VG Name               fedora00
  PV Size               25.00 GiB / not usable 4.00 MiB
  Allocatable           yes (but full)
  PE Size               4.00 MiB
  Total PE              6399
  Free PE               0
  Allocated PE          6399
  PV UUID               2sH8Bf-0vQC-ViyD-rqny-9GbG-psLG-0thzFj
   
  --- Physical volume ---
  PV Name               /dev/sdb8
  VG Name               fedora
  PV Size               99.07 GiB / not usable 4.00 MiB
  Allocatable           yes (but full)
  PE Size               4.00 MiB
  Total PE              25362
  Free PE               0
  Allocated PE          25362
  PV UUID               Jiru2b-eZVX-E4l4-dS8m-LJpQ-p1ti-J3dj6Z
   
  --- Physical volume ---
  PV Name               /dev/sda2
  VG Name               fedora
  PV Size               265.80 GiB / not usable 3.02 MiB
  Allocatable           yes (but full)
  PE Size               4.00 MiB
  Total PE              68044
  Free PE               0
  Allocated PE          68044
  PV UUID               Ks0iX6-aBUi-eLuJ-tHAE-kvdK-T6Rf-UiYCEx
   
  --- Volume group ---
  VG Name               fedora00
  System ID             
  Format                lvm2
  Metadata Areas        1
  Metadata Sequence No  3
  VG Access             read/write
  VG Status             resizable
  MAX LV                0
  Cur LV                2
  Open LV               2
  Max PV                0
  Cur PV                1
  Act PV                1
  VG Size               25.00 GiB
  PE Size               4.00 MiB
  Total PE              6399
  Alloc PE / Size       6399 / 25.00 GiB
  Free  PE / Size       0 / 0   
  VG UUID               Hu5o62-VAxM-hEuu-bOyi-Tg9d-NGsI-PLRdt7
   
  --- Volume group ---
  VG Name               fedora
  System ID             
  Format                lvm2
  Metadata Areas        2
  Metadata Sequence No  13
  VG Access             read/write
  VG Status             resizable
  MAX LV                0
  Cur LV                2
  Open LV               2
  Max PV                0
  Cur PV                2
  Act PV                2
  VG Size               364.87 GiB
  PE Size               4.00 MiB
  Total PE              93406
  Alloc PE / Size       93406 / 364.87 GiB
  Free  PE / Size       0 / 0   
  VG UUID               Eoas2H-vKMJ-ctq6-Zjuk-0Jya-bEPG-k063UI
   
  --- Logical volume ---
  LV Path                /dev/fedora00/swap
  LV Name                swap
  VG Name                fedora00
  LV UUID                X7fTEr-vTEW-C6gb-K8yC-afQr-Qy52-mFdLDE
  LV Write Access        read/write
  LV Creation host, time localhost, 2014-06-22 11:05:15 +0800
  LV Status              available
  # open                 2
  LV Size                4.88 GiB
  Current LE             1250
  Segments               1
  Allocation             inherit
  Read ahead sectors     auto
  - currently set to     256
  Block device           253:1
   
  --- Logical volume ---
  LV Path                /dev/fedora00/root
  LV Name                root
  VG Name                fedora00
  LV UUID                xC82q0-mQne-BO07-NVDX-nmD8-FRSo-IT5mvd
  LV Write Access        read/write
  LV Creation host, time localhost, 2014-06-22 11:05:15 +0800
  LV Status              available
  # open                 1
  LV Size                20.11 GiB
  Current LE             5149
  Segments               1
  Allocation             inherit
  Read ahead sectors     auto
  - currently set to     256
  Block device           253:0
   
  --- Logical volume ---
  LV Path                /dev/fedora/home
  LV Name                home
  VG Name                fedora
  LV UUID                Y7u2DR-BFn7-gXcO-g0a2-Ioxr-MHgl-6CcCrM
  LV Write Access        read/write
  LV Creation host, time localhost.localdomain, 2013-10-20 11:09:42 +0800
  LV Status              available
  # open                 1
  LV Size                99.07 GiB
  Current LE             25362
  Segments               1
  Allocation             inherit
  Read ahead sectors     auto
  - currently set to     256
  Block device           253:2
   
  --- Logical volume ---
  LV Path                /dev/fedora/data
  LV Name                data
  VG Name                fedora
  LV UUID                wMRmoC-aYc6-7HcV-qduE-Rgzk-z3Fn-NjcomA
  LV Write Access        read/write
  LV Creation host, time localhost.localdomain, 2013-10-20 12:51:20 +0800
  LV Status              available
  # open                 1
  LV Size                265.80 GiB
  Current LE             68044
  Segments               1
  Allocation             inherit
  Read ahead sectors     auto
  - currently set to     256
  Block device           253:3
   
